[webapplayers.com/inspinia_admin-v2.5/dashboard_4_1.html]
[backblue.gif]
[fade.gif]
[index.html]
[webapplayers.com/inspinia_admin-v2.5/css/bootstrap.min.css]
[webapplayers.com/inspinia_admin-v2.5/font-awesome/css/font-awesome.css]
[webapplayers.com/inspinia_admin-v2.5/css/plugins/morris/morris-0.4.3.min.css]
[webapplayers.com/inspinia_admin-v2.5/css/animate.css]
[webapplayers.com/inspinia_admin-v2.5/css/style.css]
[webapplayers.com/inspinia_admin-v2.5/img/profile_small.jpg]
[webapplayers.com/inspinia_admin-v2.5/profile.html]
[webapplayers.com/inspinia_admin-v2.5/contacts.html]
[webapplayers.com/inspinia_admin-v2.5/mailbox.html]
[webapplayers.com/inspinia_admin-v2.5/login.html]
[webapplayers.com/inspinia_admin-v2.5/index.html]
[webapplayers.com/inspinia_admin-v2.5/dashboard_2.html]
[webapplayers.com/inspinia_admin-v2.5/dashboard_3.html]
[webapplayers.com/inspinia_admin-v2.5/dashboard_5.html]
[webapplayers.com/inspinia_admin-v2.5/layouts.html]
[webapplayers.com/inspinia_admin-v2.5/graph_flot.html]
[webapplayers.com/inspinia_admin-v2.5/graph_morris.html]
[webapplayers.com/inspinia_admin-v2.5/graph_rickshaw.html]
[webapplayers.com/inspinia_admin-v2.5/graph_chartjs.html]
[webapplayers.com/inspinia_admin-v2.5/graph_chartist.html]
[webapplayers.com/inspinia_admin-v2.5/c3.html]
[webapplayers.com/inspinia_admin-v2.5/graph_peity.html]
[webapplayers.com/inspinia_admin-v2.5/graph_sparkline.html]
[webapplayers.com/inspinia_admin-v2.5/mail_detail.html]
[webapplayers.com/inspinia_admin-v2.5/mail_compose.html]
[webapplayers.com/inspinia_admin-v2.5/email_template.html]
[webapplayers.com/inspinia_admin-v2.5/metrics.html]
[webapplayers.com/inspinia_admin-v2.5/widgets.html]
[webapplayers.com/inspinia_admin-v2.5/form_basic.html]
[webapplayers.com/inspinia_admin-v2.5/form_advanced.html]
[webapplayers.com/inspinia_admin-v2.5/form_wizard.html]
[webapplayers.com/inspinia_admin-v2.5/form_file_upload.html]
[webapplayers.com/inspinia_admin-v2.5/form_editors.html]
[webapplayers.com/inspinia_admin-v2.5/form_markdown.html]
[webapplayers.com/inspinia_admin-v2.5/profile_2.html]
[webapplayers.com/inspinia_admin-v2.5/contacts_2.html]
[webapplayers.com/inspinia_admin-v2.5/projects.html]
[webapplayers.com/inspinia_admin-v2.5/project_detail.html]
[webapplayers.com/inspinia_admin-v2.5/teams_board.html]
[webapplayers.com/inspinia_admin-v2.5/social_feed.html]
[webapplayers.com/inspinia_admin-v2.5/clients.html]
[webapplayers.com/inspinia_admin-v2.5/full_height.html]
[webapplayers.com/inspinia_admin-v2.5/vote_list.html]
[webapplayers.com/inspinia_admin-v2.5/file_manager.html]
[webapplayers.com/inspinia_admin-v2.5/calendar.html]
[webapplayers.com/inspinia_admin-v2.5/issue_tracker.html]
[webapplayers.com/inspinia_admin-v2.5/blog.html]
[webapplayers.com/inspinia_admin-v2.5/article.html]
[webapplayers.com/inspinia_admin-v2.5/faq.html]
[webapplayers.com/inspinia_admin-v2.5/timeline.html]
[webapplayers.com/inspinia_admin-v2.5/pin_board.html]
[webapplayers.com/inspinia_admin-v2.5/search_results.html]
[webapplayers.com/inspinia_admin-v2.5/lockscreen.html]
[webapplayers.com/inspinia_admin-v2.5/invoice.html]
[webapplayers.com/inspinia_admin-v2.5/login_two_columns.html]
[webapplayers.com/inspinia_admin-v2.5/forgot_password.html]
[webapplayers.com/inspinia_admin-v2.5/register.html]
[webapplayers.com/inspinia_admin-v2.5/404.html]
[webapplayers.com/inspinia_admin-v2.5/500.html]
[webapplayers.com/inspinia_admin-v2.5/empty_page.html]
[webapplayers.com/inspinia_admin-v2.5/toastr_notifications.html]
[webapplayers.com/inspinia_admin-v2.5/nestable_list.html]
[webapplayers.com/inspinia_admin-v2.5/agile_board.html]
[webapplayers.com/inspinia_admin-v2.5/timeline_2.html]
[webapplayers.com/inspinia_admin-v2.5/diff.html]
[webapplayers.com/inspinia_admin-v2.5/i18support.html]
[webapplayers.com/inspinia_admin-v2.5/sweetalert.html]
[webapplayers.com/inspinia_admin-v2.5/idle_timer.html]
[webapplayers.com/inspinia_admin-v2.5/truncate.html]
[webapplayers.com/inspinia_admin-v2.5/spinners.html]
[webapplayers.com/inspinia_admin-v2.5/tinycon.html]
[webapplayers.com/inspinia_admin-v2.5/google_maps.html]
[webapplayers.com/inspinia_admin-v2.5/code_editor.html]
[webapplayers.com/inspinia_admin-v2.5/modal_window.html]
[webapplayers.com/inspinia_admin-v2.5/clipboard.html]
[webapplayers.com/inspinia_admin-v2.5/forum_main.html]
[webapplayers.com/inspinia_admin-v2.5/validation.html]
[webapplayers.com/inspinia_admin-v2.5/tree_view.html]
[webapplayers.com/inspinia_admin-v2.5/loading_buttons.html]
[webapplayers.com/inspinia_admin-v2.5/chat_view.html]
[webapplayers.com/inspinia_admin-v2.5/masonry.html]
[webapplayers.com/inspinia_admin-v2.5/tour.html]
[webapplayers.com/inspinia_admin-v2.5/typography.html]
[webapplayers.com/inspinia_admin-v2.5/icons.html]
[webapplayers.com/inspinia_admin-v2.5/draggable_panels.html]
[webapplayers.com/inspinia_admin-v2.5/resizeable_panels.html]
[webapplayers.com/inspinia_admin-v2.5/buttons.html]
[webapplayers.com/inspinia_admin-v2.5/video.html]
[webapplayers.com/inspinia_admin-v2.5/tabs_panels.html]
[webapplayers.com/inspinia_admin-v2.5/tabs.html]
[webapplayers.com/inspinia_admin-v2.5/notifications.html]
[webapplayers.com/inspinia_admin-v2.5/badges_labels.html]
[webapplayers.com/inspinia_admin-v2.5/grid_options.html]
[webapplayers.com/inspinia_admin-v2.5/table_basic.html]
[webapplayers.com/inspinia_admin-v2.5/table_data_tables.html]
[webapplayers.com/inspinia_admin-v2.5/table_foo_table.html]
[webapplayers.com/inspinia_admin-v2.5/jq_grid.html]
[webapplayers.com/inspinia_admin-v2.5/ecommerce_products_grid.html]
[webapplayers.com/inspinia_admin-v2.5/ecommerce_product_list.html]
[webapplayers.com/inspinia_admin-v2.5/ecommerce_product.html]
[webapplayers.com/inspinia_admin-v2.5/ecommerce_product_detail.html]
[webapplayers.com/inspinia_admin-v2.5/ecommerce-cart.html]
[webapplayers.com/inspinia_admin-v2.5/ecommerce-orders.html]
[webapplayers.com/inspinia_admin-v2.5/ecommerce_payments.html]
[webapplayers.com/inspinia_admin-v2.5/basic_gallery.html]
[webapplayers.com/inspinia_admin-v2.5/slick_carousel.html]
[webapplayers.com/inspinia_admin-v2.5/carousel.html]
[webapplayers.com/inspinia_admin-v2.5/css_animation.html]
[webapplayers.com/inspinia_admin-v2.5/landing.html]
[webapplayers.com/inspinia_admin-v2.5/package.html]
[webapplayers.com/inspinia_admin-v2.5/img/a7.jpg]
[webapplayers.com/inspinia_admin-v2.5/img/a4.jpg]
[webapplayers.com/inspinia_admin-v2.5/img/profile.jpg]
[webapplayers.com/inspinia_admin-v2.5/img/a1.jpg]
[webapplayers.com/inspinia_admin-v2.5/img/a2.jpg]
[webapplayers.com/inspinia_admin-v2.5/img/a3.jpg]
[webapplayers.com/inspinia_admin-v2.5/img/a8.jpg]
[webapplayers.com/inspinia_admin-v2.5/js/plugins/metisMenu/jquery.metisMenu.js]
[webapplayers.com/inspinia_admin-v2.5/js/bootstrap.min.js]
[webapplayers.com/inspinia_admin-v2.5/js/plugins/slimscroll/jquery.slimscroll.min.js]
[webapplayers.com/inspinia_admin-v2.5/js/plugins/flot/jquery.flot.tooltip.min.js]
[webapplayers.com/inspinia_admin-v2.5/js/jquery-2.1.1.js]
[webapplayers.com/inspinia_admin-v2.5/js/plugins/flot/jquery.flot.spline.js]
[webapplayers.com/inspinia_admin-v2.5/js/plugins/flot/jquery.flot.resize.js]
[webapplayers.com/inspinia_admin-v2.5/js/plugins/flot/jquery.flot.js]
[webapplayers.com/inspinia_admin-v2.5/js/plugins/flot/jquery.flot.pie.js]
[webapplayers.com/inspinia_admin-v2.5/js/plugins/flot/jquery.flot.symbol.js]
[webapplayers.com/inspinia_admin-v2.5/js/plugins/flot/curvedLines.js]
[webapplayers.com/inspinia_admin-v2.5/js/plugins/peity/jquery.peity.min.js]
[webapplayers.com/inspinia_admin-v2.5/js/demo/peity-demo.js]
[webapplayers.com/inspinia_admin-v2.5/js/inspinia.js]
[webapplayers.com/inspinia_admin-v2.5/js/plugins/pace/pace.min.js]
[webapplayers.com/inspinia_admin-v2.5/js/plugins/jvectormap/jquery-jvectormap-2.0.2.min.js]
[webapplayers.com/inspinia_admin-v2.5/js/plugins/sparkline/jquery.sparkline.min.js]
[webapplayers.com/inspinia_admin-v2.5/js/plugins/jquery-ui/jquery-ui.min.js]
[webapplayers.com/inspinia_admin-v2.5/js/demo/sparkline-demo.js]
[webapplayers.com/inspinia_admin-v2.5/js/plugins/jvectormap/jquery-jvectormap-world-mill-en.js]
[webapplayers.com/inspinia_admin-v2.5/dashboard_4_1.html]
[webapplayers.com/inspinia_admin-v2.5/fonts/glyphicons-halflings-regular.eot]
[webapplayers.com/inspinia_admin-v2.5/js/plugins/chartJs/Chart.min.js]
[webapplayers.com/inspinia_admin-v2.5/fonts/glyphicons-halflings-regular.woff2]
[webapplayers.com/inspinia_admin-v2.5/fonts/glyphicons-halflings-regulard41d.eot]
[webapplayers.com/inspinia_admin-v2.5/fonts/glyphicons-halflings-regular.woff]
[webapplayers.com/inspinia_admin-v2.5/fonts/glyphicons-halflings-regular.ttf]
[webapplayers.com/inspinia_admin-v2.5/css/bootstrap.min.css]
[webapplayers.com/inspinia_admin-v2.5/font-awesome/fonts/fontawesome-webfonte0a5.eot]
[webapplayers.com/inspinia_admin-v2.5/font-awesome/fonts/fontawesome-webfontd41d.eot]
[webapplayers.com/inspinia_admin-v2.5/fonts/glyphicons-halflings-regular.svg]
[webapplayers.com/inspinia_admin-v2.5/font-awesome/fonts/fontawesome-webfonte0a5.woff2]
[webapplayers.com/inspinia_admin-v2.5/font-awesome/fonts/fontawesome-webfonte0a5.woff]
[webapplayers.com/inspinia_admin-v2.5/font-awesome/fonts/fontawesome-webfonte0a5.ttf]
[webapplayers.com/inspinia_admin-v2.5/font-awesome/css/font-awesome.css]
[webapplayers.com/inspinia_admin-v2.5/css/plugins/morris/morris-0.4.3.min.css]
[webapplayers.com/inspinia_admin-v2.5/css/animate.css]
[webapplayers.com/inspinia_admin-v2.5/css/patterns/header-profile.png]
[webapplayers.com/inspinia_admin-v2.5/css/patterns/shattered.png]
[webapplayers.com/inspinia_admin-v2.5/img/landing/header_one.jpg]
[webapplayers.com/inspinia_admin-v2.5/font-awesome/fonts/fontawesome-webfonte0a5.svg]
[webapplayers.com/inspinia_admin-v2.5/img/landing/header_two.jpg]
[webapplayers.com/inspinia_admin-v2.5/img/landing/avatar_all.png]
[webapplayers.com/inspinia_admin-v2.5/img/landing/word_map.png]
[webapplayers.com/inspinia_admin-v2.5/css/patterns/header-profile-skin-1.png]
[webapplayers.com/inspinia_admin-v2.5/css/patterns/header-profile-skin-3.png]
[webapplayers.com/inspinia_admin-v2.5/css/patterns/3.png]
[webapplayers.com/inspinia_admin-v2.5/css/patterns/4.png]
[webapplayers.com/inspinia_admin-v2.5/css/patterns/header-profile-skin-2.png]
[webapplayers.com/inspinia_admin-v2.5/css/style.css]
[webapplayers.com/inspinia_admin-v2.5/img/profile_big.jpg]
[24.media.tumblr.com/20a9c501846f50c1271210639987000f/tumblr_n4vje69pJm1st5lhmo1_1280.jpg]
[webapplayers.com/inspinia_admin-v2.5/img/p1.jpg]
[webapplayers.com/inspinia_admin-v2.5/img/p3.jpg]
[webapplayers.com/inspinia_admin-v2.5/img/a5.jpg]
[webapplayers.com/inspinia_admin-v2.5/profile.html]
[webapplayers.com/inspinia_admin-v2.5/img/a6.jpg]
[webapplayers.com/inspinia_admin-v2.5/contacts.html]
[webapplayers.com/inspinia_admin-v2.5/js/bootstrap.js]
[webapplayers.com/inspinia_admin-v2.5/css/plugins/iCheck/custom.css]
[webapplayers.com/inspinia_admin-v2.5/mailbox.html]
[webapplayers.com/inspinia_admin-v2.5/login.html]
[webapplayers.com/inspinia_admin-v2.5/js/plugins/iCheck/icheck.min.js]
[webapplayers.com/inspinia_admin-v2.5/css/plugins/toastr/toastr.min.css]
[webapplayers.com/inspinia_admin-v2.5/js/plugins/gritter/jquery.gritter.css]
[webapplayers.com/inspinia_admin-v2.5/js/plugins/gritter/jquery.gritter.min.js]
[webapplayers.com/inspinia_admin-v2.5/js/plugins/toastr/toastr.min.js]
[www.google-analytics.com/analytics.js]
[webapplayers.com/inspinia_admin-v2.5/index.html]
[webapplayers.com/inspinia_admin-v2.5/js/plugins/flot/jquery.flot.time.js]
[webapplayers.com/inspinia_admin-v2.5/dashboard_2.html]
[webapplayers.com/inspinia_admin-v2.5/dashboard_3.html]
[webapplayers.com/inspinia_admin-v2.5/dashboard_5.html]
[webapplayers.com/inspinia_admin-v2.5/js/plugins/easypiechart/jquery.easypiechart.js]
[webapplayers.com/inspinia_admin-v2.5/img/dashbard4_2.jpg]
[webapplayers.com/inspinia_admin-v2.5/dashboard_4.html]
[webapplayers.com/inspinia_admin-v2.5/img/dashbard4_1.jpg]
[webapplayers.com/inspinia_admin-v2.5/img/full_height.jpg]
[webapplayers.com/inspinia_admin-v2.5/off_canvas_menu.html]
[webapplayers.com/inspinia_admin-v2.5/img/off_canvas.jpg]
[webapplayers.com/inspinia_admin-v2.5/layouts.html]
[webapplayers.com/inspinia_admin-v2.5/js/demo/flot-demo.js]
[webapplayers.com/inspinia_admin-v2.5/graph_flot.html]
[webapplayers.com/inspinia_admin-v2.5/js/plugins/morris/raphael-2.1.0.min.js]
[webapplayers.com/inspinia_admin-v2.5/js/plugins/morris/morris.js]
[webapplayers.com/inspinia_admin-v2.5/js/demo/morris-demo.js]
[webapplayers.com/inspinia_admin-v2.5/graph_morris.html]
[webapplayers.com/inspinia_admin-v2.5/js/plugins/rickshaw/rickshaw.min.js]
[webapplayers.com/inspinia_admin-v2.5/js/demo/rickshaw-demo.js]
[webapplayers.com/inspinia_admin-v2.5/graph_rickshaw.html]
[webapplayers.com/inspinia_admin-v2.5/graph_chartjs.html]
[webapplayers.com/inspinia_admin-v2.5/js/demo/chartjs-demo.js]
[webapplayers.com/inspinia_admin-v2.5/js/plugins/rickshaw/vendor/d3.v3.js]
[webapplayers.com/inspinia_admin-v2.5/css/plugins/chartist/chartist.min.css]
[webapplayers.com/inspinia_admin-v2.5/graph_chartist.html]
[webapplayers.com/inspinia_admin-v2.5/js/plugins/chartist/chartist.min.js]
[webapplayers.com/inspinia_admin-v2.5/css/plugins/c3/c3.min.css]
[webapplayers.com/inspinia_admin-v2.5/c3.html]
[webapplayers.com/inspinia_admin-v2.5/graph_peity.html]
[webapplayers.com/inspinia_admin-v2.5/graph_sparkline.html]
[webapplayers.com/inspinia_admin-v2.5/img/p2.jpg]
[webapplayers.com/inspinia_admin-v2.5/mail_detail.html]
[webapplayers.com/inspinia_admin-v2.5/css/plugins/summernote/summernote.css]
[webapplayers.com/inspinia_admin-v2.5/js/plugins/d3/d3.min.js]
[webapplayers.com/inspinia_admin-v2.5/css/plugins/summernote/summernote-bs3.css]
[webapplayers.com/inspinia_admin-v2.5/mail_compose.html]
[webapplayers.com/inspinia_admin-v2.5/js/plugins/c3/c3.min.js]
[webapplayers.com/inspinia_admin-v2.5/js/plugins/summernote/summernote.min.js]
[webapplayers.com/inspinia_admin-v2.5/email_templates/action.html]
[webapplayers.com/inspinia_admin-v2.5/img/email_1.jpg]
[webapplayers.com/inspinia_admin-v2.5/email_templates/alert.html]
[webapplayers.com/inspinia_admin-v2.5/img/email_2.jpg]
[webapplayers.com/inspinia_admin-v2.5/email_templates/billing.html]
[webapplayers.com/inspinia_admin-v2.5/img/email_3.jpg]
[webapplayers.com/inspinia_admin-v2.5/email_template.html]
[webapplayers.com/inspinia_admin-v2.5/metrics.html]
[webapplayers.com/inspinia_admin-v2.5/widgets.html]
[webapplayers.com/inspinia_admin-v2.5/css/plugins/awesome-bootstrap-checkbox/awesome-bootstrap-checkbox.css]
[webapplayers.com/inspinia_admin-v2.5/form_basic.html]
[webapplayers.com/inspinia_admin-v2.5/js/jquery-ui-1.10.4.min.js]
[webapplayers.com/inspinia_admin-v2.5/css/plugins/chosen/chosen.css]
[webapplayers.com/inspinia_admin-v2.5/css/plugins/colorpicker/bootstrap-colorpicker.min.css]
[webapplayers.com/inspinia_admin-v2.5/css/plugins/cropper/cropper.min.css]
[webapplayers.com/inspinia_admin-v2.5/css/plugins/switchery/switchery.css]
[webapplayers.com/inspinia_admin-v2.5/css/plugins/jasny/jasny-bootstrap.min.css]
[webapplayers.com/inspinia_admin-v2.5/css/plugins/nouslider/jquery.nouislider.css]
[webapplayers.com/inspinia_admin-v2.5/css/plugins/datapicker/datepicker3.css]
[webapplayers.com/inspinia_admin-v2.5/css/plugins/ionRangeSlider/ion.rangeSlider.css]
[webapplayers.com/inspinia_admin-v2.5/css/plugins/ionRangeSlider/ion.rangeSlider.skinFlat.css]
[webapplayers.com/inspinia_admin-v2.5/css/plugins/clockpicker/clockpicker.css]
[webapplayers.com/inspinia_admin-v2.5/css/plugins/daterangepicker/daterangepicker-bs3.css]
[webapplayers.com/inspinia_admin-v2.5/css/plugins/select2/select2.min.css]
[webapplayers.com/inspinia_admin-v2.5/css/plugins/touchspin/jquery.bootstrap-touchspin.min.css]
[webapplayers.com/inspinia_admin-v2.5/js/plugins/chosen/chosen.jquery.js]
[webapplayers.com/inspinia_admin-v2.5/js/plugins/jsKnob/jquery.knob.js]
[webapplayers.com/inspinia_admin-v2.5/js/plugins/jasny/jasny-bootstrap.min.js]
[webapplayers.com/inspinia_admin-v2.5/js/plugins/datapicker/bootstrap-datepicker.js]
[webapplayers.com/inspinia_admin-v2.5/js/plugins/nouslider/jquery.nouislider.min.js]
[webapplayers.com/inspinia_admin-v2.5/js/plugins/switchery/switchery.js]
[webapplayers.com/inspinia_admin-v2.5/js/plugins/ionRangeSlider/ion.rangeSlider.min.js]
[webapplayers.com/inspinia_admin-v2.5/js/plugins/colorpicker/bootstrap-colorpicker.min.js]
[webapplayers.com/inspinia_admin-v2.5/js/plugins/clockpicker/clockpicker.js]
[webapplayers.com/inspinia_admin-v2.5/js/plugins/cropper/cropper.min.js]
[webapplayers.com/inspinia_admin-v2.5/js/plugins/fullcalendar/moment.min.js]
[webapplayers.com/inspinia_admin-v2.5/js/plugins/daterangepicker/daterangepicker.js]
[webapplayers.com/inspinia_admin-v2.5/form_advanced.html]
[webapplayers.com/inspinia_admin-v2.5/js/plugins/select2/select2.full.min.js]
[webapplayers.com/inspinia_admin-v2.5/js/plugins/touchspin/jquery.bootstrap-touchspin.min.js]
[webapplayers.com/inspinia_admin-v2.5/css/plugins/steps/jquery.steps.css]
[webapplayers.com/inspinia_admin-v2.5/js/plugins/staps/jquery.steps.min.js]
[webapplayers.com/inspinia_admin-v2.5/form_wizard.html]
[webapplayers.com/inspinia_admin-v2.5/js/plugins/validate/jquery.validate.min.js]
[webapplayers.com/inspinia_admin-v2.5/css/plugins/dropzone/basic.css]
[webapplayers.com/inspinia_admin-v2.5/css/plugins/dropzone/dropzone.css]
[webapplayers.com/inspinia_admin-v2.5/form_file_upload.html]
[webapplayers.com/inspinia_admin-v2.5/form_editors.html]
[webapplayers.com/inspinia_admin-v2.5/js/plugins/dropzone/dropzone.js]
[webapplayers.com/inspinia_admin-v2.5/css/plugins/bootstrap-markdown/bootstrap-markdown.min.css]
[webapplayers.com/inspinia_admin-v2.5/js/plugins/bootstrap-markdown/bootstrap-markdown.js]
[webapplayers.com/inspinia_admin-v2.5/form_markdown.html]
[webapplayers.com/inspinia_admin-v2.5/js/plugins/bootstrap-markdown/markdown.js]
[webapplayers.com/inspinia_admin-v2.5/img/gallery/3.jpg]
[webapplayers.com/inspinia_admin-v2.5/profile_2.html]
[webapplayers.com/inspinia_admin-v2.5/contacts_2.html]
[webapplayers.com/inspinia_admin-v2.5/projects.html]
[webapplayers.com/inspinia_admin-v2.5/img/zender_logo.png]
[webapplayers.com/inspinia_admin-v2.5/project_detail.html]
[webapplayers.com/inspinia_admin-v2.5/teams_board.html]
[webapplayers.com/inspinia_admin-v2.5/img/gallery/11.jpg]
[webapplayers.com/inspinia_admin-v2.5/img/gallery/9.jpg]
[webapplayers.com/inspinia_admin-v2.5/social_feed.html]
[webapplayers.com/inspinia_admin-v2.5/clients.html]
[webapplayers.com/inspinia_admin-v2.5/css/plugins/codemirror/codemirror.css]
[webapplayers.com/inspinia_admin-v2.5/css/plugins/codemirror/ambiance.css]
[webapplayers.com/inspinia_admin-v2.5/full_height.html]
[webapplayers.com/inspinia_admin-v2.5/vote_list.html]
[webapplayers.com/inspinia_admin-v2.5/file_manager.html]
[webapplayers.com/inspinia_admin-v2.5/css/plugins/fullcalendar/fullcalendar.css]
[webapplayers.com/inspinia_admin-v2.5/css/plugins/fullcalendar/fullcalendar.print.css]
[webapplayers.com/inspinia_admin-v2.5/js/jquery-ui.custom.min.js]
[webapplayers.com/inspinia_admin-v2.5/js/plugins/fullcalendar/fullcalendar.min.js]
[webapplayers.com/inspinia_admin-v2.5/calendar.html]
[webapplayers.com/inspinia_admin-v2.5/issue_tracker.html]
[webapplayers.com/inspinia_admin-v2.5/blog.html]
[webapplayers.com/inspinia_admin-v2.5/article.html]
[webapplayers.com/inspinia_admin-v2.5/faq.html]
[webapplayers.com/inspinia_admin-v2.5/timeline.html]
[webapplayers.com/inspinia_admin-v2.5/pin_board.html]
[webapplayers.com/inspinia_admin-v2.5/search_results.html]
[s3.amazonaws.com/uifaces/faces/twitter/ok/128.jpg]
[webapplayers.com/inspinia_admin-v2.5/lockscreen.html]
[webapplayers.com/inspinia_admin-v2.5/invoice.html]
[webapplayers.com/inspinia_admin-v2.5/login_two_columns.html]
[webapplayers.com/inspinia_admin-v2.5/forgot_password.html]
[webapplayers.com/inspinia_admin-v2.5/register.html]
[webapplayers.com/inspinia_admin-v2.5/404.html]
[webapplayers.com/inspinia_admin-v2.5/500.html]
[webapplayers.com/inspinia_admin-v2.5/empty_page.html]
[webapplayers.com/inspinia_admin-v2.5/toastr_notifications.html]
[webapplayers.com/inspinia_admin-v2.5/invoice_print.html]
[webapplayers.com/inspinia_admin-v2.5/nestable_list.html]
[webapplayers.com/inspinia_admin-v2.5/agile_board.html]
[webapplayers.com/inspinia_admin-v2.5/timeline_2.html]
[webapplayers.com/inspinia_admin-v2.5/js/plugins/nestable/jquery.nestable.js]
[webapplayers.com/inspinia_admin-v2.5/js/plugins/diff_match_patch/javascript/diff_match_patch.js]
[webapplayers.com/inspinia_admin-v2.5/diff.html]
[webapplayers.com/inspinia_admin-v2.5/js/plugins/preetyTextDiff/jquery.pretty-text-diff.min.js]
[webapplayers.com/inspinia_admin-v2.5/img/flags/16/United-States.png]
[webapplayers.com/inspinia_admin-v2.5/img/flags/16/Spain.png]
[webapplayers.com/inspinia_admin-v2.5/img/flags/32/Abkhazia.png]
[webapplayers.com/inspinia_admin-v2.5/img/flags/32/Afghanistan.png]
[webapplayers.com/inspinia_admin-v2.5/img/flags/32/Aland.png]
[webapplayers.com/inspinia_admin-v2.5/img/flags/32/Albania.png]
[webapplayers.com/inspinia_admin-v2.5/img/flags/32/Algeria.png]
[webapplayers.com/inspinia_admin-v2.5/img/flags/32/American-Samoa.png]
[webapplayers.com/inspinia_admin-v2.5/img/flags/32/Andorra.png]
[webapplayers.com/inspinia_admin-v2.5/img/flags/32/Angola.png]
[webapplayers.com/inspinia_admin-v2.5/img/flags/32/Anguilla.png]
[webapplayers.com/inspinia_admin-v2.5/img/flags/32/Antarctica.png]
[webapplayers.com/inspinia_admin-v2.5/img/flags/32/Antigua-and-Barbuda.png]
[webapplayers.com/inspinia_admin-v2.5/img/flags/32/Argentina.png]
[webapplayers.com/inspinia_admin-v2.5/img/flags/32/Armenia.png]
[webapplayers.com/inspinia_admin-v2.5/img/flags/32/Aruba.png]
[webapplayers.com/inspinia_admin-v2.5/img/flags/32/Australia.png]
[webapplayers.com/inspinia_admin-v2.5/img/flags/32/Austria.png]
[webapplayers.com/inspinia_admin-v2.5/img/flags/32/Azerbaijan.png]
[webapplayers.com/inspinia_admin-v2.5/img/flags/32/Bahamas.png]
[webapplayers.com/inspinia_admin-v2.5/img/flags/32/Bahrain.png]
[webapplayers.com/inspinia_admin-v2.5/img/flags/32/Bangladesh.png]
[webapplayers.com/inspinia_admin-v2.5/img/flags/32/Barbados.png]
[webapplayers.com/inspinia_admin-v2.5/img/flags/32/Basque-Country.png]
[webapplayers.com/inspinia_admin-v2.5/img/flags/32/Belarus.png]
[webapplayers.com/inspinia_admin-v2.5/img/flags/32/Belgium.png]
[webapplayers.com/inspinia_admin-v2.5/img/flags/32/Belize.png]
[webapplayers.com/inspinia_admin-v2.5/img/flags/32/Benin.png]
[webapplayers.com/inspinia_admin-v2.5/img/flags/32/Bermuda.png]
[webapplayers.com/inspinia_admin-v2.5/img/flags/32/Bhutan.png]
[webapplayers.com/inspinia_admin-v2.5/img/flags/32/Bolivia.png]
[webapplayers.com/inspinia_admin-v2.5/img/flags/32/Bosnia-and-Herzegovina.png]
[webapplayers.com/inspinia_admin-v2.5/img/flags/32/Botswana.png]
[webapplayers.com/inspinia_admin-v2.5/img/flags/32/Brazil.png]
[webapplayers.com/inspinia_admin-v2.5/img/flags/32/British-Antarctic-Territory.png]
[webapplayers.com/inspinia_admin-v2.5/img/flags/32/British-Virgin-Islands.png]
[webapplayers.com/inspinia_admin-v2.5/img/flags/32/Brunei.png]
[webapplayers.com/inspinia_admin-v2.5/img/flags/32/Bulgaria.png]
[webapplayers.com/inspinia_admin-v2.5/img/flags/32/Burkina-Faso.png]
[webapplayers.com/inspinia_admin-v2.5/img/flags/32/Burundi.png]
[webapplayers.com/inspinia_admin-v2.5/img/flags/32/Cambodia.png]
[webapplayers.com/inspinia_admin-v2.5/img/flags/32/Cameroon.png]
[webapplayers.com/inspinia_admin-v2.5/img/flags/32/Canada.png]
[webapplayers.com/inspinia_admin-v2.5/img/flags/32/Canary-Islands.png]
[webapplayers.com/inspinia_admin-v2.5/img/flags/32/Cape-Verde.png]
[webapplayers.com/inspinia_admin-v2.5/img/flags/32/Cayman-Islands.png]
[webapplayers.com/inspinia_admin-v2.5/img/flags/32/Central-African-Republic.png]
[webapplayers.com/inspinia_admin-v2.5/img/flags/32/Chad.png]
[webapplayers.com/inspinia_admin-v2.5/img/flags/32/Chile.png]
[webapplayers.com/inspinia_admin-v2.5/img/flags/32/China.png]
[webapplayers.com/inspinia_admin-v2.5/img/flags/32/Christmas-Island.png]
[webapplayers.com/inspinia_admin-v2.5/img/flags/32/Cocos-Keeling-Islands.png]
[webapplayers.com/inspinia_admin-v2.5/img/flags/32/Colombia.png]
[webapplayers.com/inspinia_admin-v2.5/img/flags/32/Commonwealth.png]
[webapplayers.com/inspinia_admin-v2.5/img/flags/32/Comoros.png]
[webapplayers.com/inspinia_admin-v2.5/img/flags/32/Cook-Islands.png]
[webapplayers.com/inspinia_admin-v2.5/img/flags/32/Costa-Rica.png]
[webapplayers.com/inspinia_admin-v2.5/img/flags/32/Cote-dIvoire.png]
[webapplayers.com/inspinia_admin-v2.5/img/flags/32/Croatia.png]
[webapplayers.com/inspinia_admin-v2.5/img/flags/32/Cuba.png]
[webapplayers.com/inspinia_admin-v2.5/img/flags/32/Curacao.png]
[webapplayers.com/inspinia_admin-v2.5/img/flags/32/Cyprus.png]
[webapplayers.com/inspinia_admin-v2.5/img/flags/32/Czech-Republic.png]
[webapplayers.com/inspinia_admin-v2.5/img/flags/32/Democratic-Republic-of-the-Congo.png]
[webapplayers.com/inspinia_admin-v2.5/img/flags/32/Denmark.png]
[webapplayers.com/inspinia_admin-v2.5/img/flags/32/Djibouti.png]
[webapplayers.com/inspinia_admin-v2.5/img/flags/32/Dominica.png]
[webapplayers.com/inspinia_admin-v2.5/img/flags/32/Dominican-Republic.png]
[webapplayers.com/inspinia_admin-v2.5/img/flags/32/East-Timor.png]
[webapplayers.com/inspinia_admin-v2.5/img/flags/32/Ecuador.png]
[webapplayers.com/inspinia_admin-v2.5/img/flags/32/Egypt.png]
[webapplayers.com/inspinia_admin-v2.5/img/flags/32/El-Salvador.png]
[webapplayers.com/inspinia_admin-v2.5/img/flags/32/England.png]
[webapplayers.com/inspinia_admin-v2.5/img/flags/32/Equatorial-Guinea.png]
[webapplayers.com/inspinia_admin-v2.5/img/flags/32/Eritrea.png]
[webapplayers.com/inspinia_admin-v2.5/img/flags/32/Estonia.png]
[webapplayers.com/inspinia_admin-v2.5/img/flags/32/Ethiopia.png]
[webapplayers.com/inspinia_admin-v2.5/img/flags/32/European-Union.png]
[webapplayers.com/inspinia_admin-v2.5/img/flags/32/Falkland-Islands.png]
[webapplayers.com/inspinia_admin-v2.5/img/flags/32/Faroes.png]
[webapplayers.com/inspinia_admin-v2.5/img/flags/32/Fiji.png]
[webapplayers.com/inspinia_admin-v2.5/img/flags/32/Finland.png]
[webapplayers.com/inspinia_admin-v2.5/img/flags/32/France.png]
[webapplayers.com/inspinia_admin-v2.5/img/flags/32/French-Polynesia.png]
[webapplayers.com/inspinia_admin-v2.5/img/flags/32/French-Southern-Territories.png]
[webapplayers.com/inspinia_admin-v2.5/img/flags/32/Gabon.png]
[webapplayers.com/inspinia_admin-v2.5/img/flags/32/Gambia.png]
[webapplayers.com/inspinia_admin-v2.5/img/flags/32/Georgia.png]
[webapplayers.com/inspinia_admin-v2.5/img/flags/32/Germany.png]
[webapplayers.com/inspinia_admin-v2.5/img/flags/32/Ghana.png]
[webapplayers.com/inspinia_admin-v2.5/img/flags/32/Gibraltar.png]
[webapplayers.com/inspinia_admin-v2.5/img/flags/32/GoSquared.png]
[webapplayers.com/inspinia_admin-v2.5/img/flags/32/Greece.png]
[webapplayers.com/inspinia_admin-v2.5/img/flags/32/Greenland.png]
[webapplayers.com/inspinia_admin-v2.5/img/flags/32/Grenada.png]
[webapplayers.com/inspinia_admin-v2.5/img/flags/32/Guam.png]
[webapplayers.com/inspinia_admin-v2.5/img/flags/32/Guatemala.png]
[webapplayers.com/inspinia_admin-v2.5/img/flags/32/Guernsey.png]
[webapplayers.com/inspinia_admin-v2.5/img/flags/32/Guinea-Bissau.png]
[webapplayers.com/inspinia_admin-v2.5/img/flags/32/Guinea.png]
[webapplayers.com/inspinia_admin-v2.5/img/flags/32/Guyana.png]
[webapplayers.com/inspinia_admin-v2.5/img/flags/32/Haiti.png]
[webapplayers.com/inspinia_admin-v2.5/img/flags/32/Honduras.png]
[webapplayers.com/inspinia_admin-v2.5/img/flags/32/Hong-Kong.png]
[webapplayers.com/inspinia_admin-v2.5/img/flags/32/Hungary.png]
[webapplayers.com/inspinia_admin-v2.5/img/flags/32/Iceland.png]
[webapplayers.com/inspinia_admin-v2.5/img/flags/32/India.png]
[webapplayers.com/inspinia_admin-v2.5/img/flags/32/Indonesia.png]
[webapplayers.com/inspinia_admin-v2.5/img/flags/32/Iran.png]
[webapplayers.com/inspinia_admin-v2.5/img/flags/32/Iraq.png]
[webapplayers.com/inspinia_admin-v2.5/img/flags/32/Ireland.png]
[webapplayers.com/inspinia_admin-v2.5/img/flags/32/Isle-of-Man.png]
[webapplayers.com/inspinia_admin-v2.5/img/flags/32/Israel.png]
[webapplayers.com/inspinia_admin-v2.5/img/flags/32/Italy.png]
[webapplayers.com/inspinia_admin-v2.5/img/flags/32/Jamaica.png]
[webapplayers.com/inspinia_admin-v2.5/img/flags/32/Japan.png]
[webapplayers.com/inspinia_admin-v2.5/img/flags/32/Jersey.png]
[webapplayers.com/inspinia_admin-v2.5/img/flags/32/Jordan.png]
[webapplayers.com/inspinia_admin-v2.5/img/flags/32/Kazakhstan.png]
[webapplayers.com/inspinia_admin-v2.5/img/flags/32/Kenya.png]
[webapplayers.com/inspinia_admin-v2.5/img/flags/32/Kiribati.png]
[webapplayers.com/inspinia_admin-v2.5/img/flags/32/Kosovo.png]
[webapplayers.com/inspinia_admin-v2.5/img/flags/32/Kuwait.png]
[webapplayers.com/inspinia_admin-v2.5/img/flags/32/Kyrgyzstan.png]
[webapplayers.com/inspinia_admin-v2.5/img/flags/32/Laos.png]
[webapplayers.com/inspinia_admin-v2.5/img/flags/32/Latvia.png]
[webapplayers.com/inspinia_admin-v2.5/img/flags/32/Lebanon.png]
[webapplayers.com/inspinia_admin-v2.5/img/flags/32/Lesotho.png]
[webapplayers.com/inspinia_admin-v2.5/img/flags/32/Liberia.png]
[webapplayers.com/inspinia_admin-v2.5/img/flags/32/Libya.png]
[webapplayers.com/inspinia_admin-v2.5/img/flags/32/Liechtenstein.png]
[webapplayers.com/inspinia_admin-v2.5/img/flags/32/Lithuania.png]
[webapplayers.com/inspinia_admin-v2.5/img/flags/32/Luxembourg.png]
[webapplayers.com/inspinia_admin-v2.5/img/flags/32/Macau.png]
[webapplayers.com/inspinia_admin-v2.5/img/flags/32/Macedonia.png]
[webapplayers.com/inspinia_admin-v2.5/img/flags/32/Madagascar.png]
[webapplayers.com/inspinia_admin-v2.5/img/flags/32/Malawi.png]
[webapplayers.com/inspinia_admin-v2.5/img/flags/32/Malaysia.png]
[webapplayers.com/inspinia_admin-v2.5/img/flags/32/Maldives.png]
[webapplayers.com/inspinia_admin-v2.5/img/flags/32/Mali.png]
[webapplayers.com/inspinia_admin-v2.5/img/flags/32/Malta.png]
[webapplayers.com/inspinia_admin-v2.5/img/flags/32/Mars.png]
[webapplayers.com/inspinia_admin-v2.5/img/flags/32/Marshall-Islands.png]
[webapplayers.com/inspinia_admin-v2.5/img/flags/32/Martinique.png]
[webapplayers.com/inspinia_admin-v2.5/img/flags/32/Mauritania.png]
[webapplayers.com/inspinia_admin-v2.5/img/flags/32/Mauritius.png]
[webapplayers.com/inspinia_admin-v2.5/img/flags/32/Mayotte.png]
[webapplayers.com/inspinia_admin-v2.5/img/flags/32/Mexico.png]
[webapplayers.com/inspinia_admin-v2.5/img/flags/32/Micronesia.png]
[webapplayers.com/inspinia_admin-v2.5/img/flags/32/Moldova.png]
[webapplayers.com/inspinia_admin-v2.5/img/flags/32/Monaco.png]
[webapplayers.com/inspinia_admin-v2.5/img/flags/32/Mongolia.png]
[webapplayers.com/inspinia_admin-v2.5/img/flags/32/Montenegro.png]
[webapplayers.com/inspinia_admin-v2.5/img/flags/32/Montserrat.png]
[webapplayers.com/inspinia_admin-v2.5/img/flags/32/Morocco.png]
[webapplayers.com/inspinia_admin-v2.5/img/flags/32/Mozambique.png]
[webapplayers.com/inspinia_admin-v2.5/img/flags/32/Myanmar.png]
[webapplayers.com/inspinia_admin-v2.5/img/flags/32/NATO.png]
[webapplayers.com/inspinia_admin-v2.5/img/flags/32/Nagorno-Karabakh.png]
[webapplayers.com/inspinia_admin-v2.5/img/flags/32/Namibia.png]
[webapplayers.com/inspinia_admin-v2.5/img/flags/32/Nauru.png]
[webapplayers.com/inspinia_admin-v2.5/img/flags/32/Nepal.png]
[webapplayers.com/inspinia_admin-v2.5/img/flags/32/Netherlands-Antilles.png]
[webapplayers.com/inspinia_admin-v2.5/img/flags/32/Netherlands.png]
[webapplayers.com/inspinia_admin-v2.5/img/flags/32/New-Caledonia.png]
[webapplayers.com/inspinia_admin-v2.5/img/flags/32/New-Zealand.png]
[webapplayers.com/inspinia_admin-v2.5/img/flags/32/Nicaragua.png]
[webapplayers.com/inspinia_admin-v2.5/img/flags/32/Niger.png]
[webapplayers.com/inspinia_admin-v2.5/img/flags/32/Nigeria.png]
[webapplayers.com/inspinia_admin-v2.5/img/flags/32/Niue.png]
[webapplayers.com/inspinia_admin-v2.5/img/flags/32/Norfolk-Island.png]
[webapplayers.com/inspinia_admin-v2.5/img/flags/32/North-Korea.png]
[webapplayers.com/inspinia_admin-v2.5/img/flags/32/Northern-Cyprus.png]
[webapplayers.com/inspinia_admin-v2.5/img/flags/32/Northern-Mariana-Islands.png]
[webapplayers.com/inspinia_admin-v2.5/img/flags/32/Norway.png]
[webapplayers.com/inspinia_admin-v2.5/img/flags/32/Olympics.png]
[webapplayers.com/inspinia_admin-v2.5/img/flags/32/Oman.png]
[webapplayers.com/inspinia_admin-v2.5/img/flags/32/Pakistan.png]
[webapplayers.com/inspinia_admin-v2.5/img/flags/32/Palau.png]
[webapplayers.com/inspinia_admin-v2.5/img/flags/32/Palestine.png]
[webapplayers.com/inspinia_admin-v2.5/img/flags/32/Panama.png]
[webapplayers.com/inspinia_admin-v2.5/img/flags/32/Papua-New-Guinea.png]
[webapplayers.com/inspinia_admin-v2.5/img/flags/32/Paraguay.png]
[webapplayers.com/inspinia_admin-v2.5/img/flags/32/Peru.png]
[webapplayers.com/inspinia_admin-v2.5/img/flags/32/Philippines.png]
[webapplayers.com/inspinia_admin-v2.5/img/flags/32/Pitcairn-Islands.png]
[webapplayers.com/inspinia_admin-v2.5/img/flags/32/Poland.png]
[webapplayers.com/inspinia_admin-v2.5/img/flags/32/Portugal.png]
[webapplayers.com/inspinia_admin-v2.5/img/flags/32/Puerto-Rico.png]
[webapplayers.com/inspinia_admin-v2.5/img/flags/32/Qatar.png]
[webapplayers.com/inspinia_admin-v2.5/img/flags/32/Red-Cross.png]
[webapplayers.com/inspinia_admin-v2.5/img/flags/32/Republic-of-the-Congo.png]
[webapplayers.com/inspinia_admin-v2.5/img/flags/32/Romania.png]
[webapplayers.com/inspinia_admin-v2.5/img/flags/32/Russia.png]
[webapplayers.com/inspinia_admin-v2.5/img/flags/32/Rwanda.png]
[webapplayers.com/inspinia_admin-v2.5/img/flags/32/Saint-Barthelemy.png]
[webapplayers.com/inspinia_admin-v2.5/img/flags/32/Saint-Helena.png]
[webapplayers.com/inspinia_admin-v2.5/img/flags/32/Saint-Kitts-and-Nevis.png]
[webapplayers.com/inspinia_admin-v2.5/img/flags/32/Saint-Lucia.png]
[webapplayers.com/inspinia_admin-v2.5/img/flags/32/Saint-Martin.png]
[webapplayers.com/inspinia_admin-v2.5/img/flags/32/Saint-Vincent-and-the-Grenadines.png]
[webapplayers.com/inspinia_admin-v2.5/img/flags/32/Samoa.png]
[webapplayers.com/inspinia_admin-v2.5/img/flags/32/San-Marino.png]
[webapplayers.com/inspinia_admin-v2.5/img/flags/32/Sao-Tome-and-Principe.png]
[webapplayers.com/inspinia_admin-v2.5/img/flags/32/Saudi-Arabia.png]
[webapplayers.com/inspinia_admin-v2.5/img/flags/32/Scotland.png]
[webapplayers.com/inspinia_admin-v2.5/img/flags/32/Senegal.png]
[webapplayers.com/inspinia_admin-v2.5/img/flags/32/Serbia.png]
[webapplayers.com/inspinia_admin-v2.5/img/flags/32/Seychelles.png]
[webapplayers.com/inspinia_admin-v2.5/img/flags/32/Sierra-Leone.png]
[webapplayers.com/inspinia_admin-v2.5/img/flags/32/Singapore.png]
[webapplayers.com/inspinia_admin-v2.5/img/flags/32/Slovakia.png]
[webapplayers.com/inspinia_admin-v2.5/img/flags/32/Slovenia.png]
[webapplayers.com/inspinia_admin-v2.5/img/flags/32/Solomon-Islands.png]
[webapplayers.com/inspinia_admin-v2.5/img/flags/32/Somalia.png]
[webapplayers.com/inspinia_admin-v2.5/img/flags/32/Somaliland.png]
[webapplayers.com/inspinia_admin-v2.5/img/flags/32/South-Africa.png]
[webapplayers.com/inspinia_admin-v2.5/img/flags/32/South-Georgia-and-the-South-Sandwich-Islands.png]
[webapplayers.com/inspinia_admin-v2.5/img/flags/32/South-Korea.png]
[webapplayers.com/inspinia_admin-v2.5/img/flags/32/South-Ossetia.png]
[webapplayers.com/inspinia_admin-v2.5/img/flags/32/South-Sudan.png]
[webapplayers.com/inspinia_admin-v2.5/img/flags/32/Spain.png]
[webapplayers.com/inspinia_admin-v2.5/img/flags/32/Sri-Lanka.png]
[webapplayers.com/inspinia_admin-v2.5/img/flags/32/Sudan.png]
[webapplayers.com/inspinia_admin-v2.5/img/flags/32/Suriname.png]
[webapplayers.com/inspinia_admin-v2.5/img/flags/32/Swaziland.png]
[webapplayers.com/inspinia_admin-v2.5/img/flags/32/Sweden.png]
[webapplayers.com/inspinia_admin-v2.5/img/flags/32/Switzerland.png]
[webapplayers.com/inspinia_admin-v2.5/img/flags/32/Syria.png]
[webapplayers.com/inspinia_admin-v2.5/img/flags/32/Taiwan.png]
[webapplayers.com/inspinia_admin-v2.5/img/flags/32/Tajikistan.png]
[webapplayers.com/inspinia_admin-v2.5/img/flags/32/Tanzania.png]
[webapplayers.com/inspinia_admin-v2.5/img/flags/32/Thailand.png]
[webapplayers.com/inspinia_admin-v2.5/img/flags/32/Togo.png]
[webapplayers.com/inspinia_admin-v2.5/img/flags/32/Tokelau.png]
[webapplayers.com/inspinia_admin-v2.5/img/flags/32/Tonga.png]
[webapplayers.com/inspinia_admin-v2.5/img/flags/32/Trinidad-and-Tobago.png]
[webapplayers.com/inspinia_admin-v2.5/img/flags/32/Tunisia.png]
[webapplayers.com/inspinia_admin-v2.5/img/flags/32/Turkey.png]
[webapplayers.com/inspinia_admin-v2.5/img/flags/32/Turkmenistan.png]
[webapplayers.com/inspinia_admin-v2.5/img/flags/32/Turks-and-Caicos-Islands.png]
[webapplayers.com/inspinia_admin-v2.5/img/flags/32/Tuvalu.png]
[webapplayers.com/inspinia_admin-v2.5/img/flags/32/US-Virgin-Islands.png]
[webapplayers.com/inspinia_admin-v2.5/img/flags/32/Uganda.png]
[webapplayers.com/inspinia_admin-v2.5/img/flags/32/Ukraine.png]
[webapplayers.com/inspinia_admin-v2.5/img/flags/32/United-Arab-Emirates.png]
[webapplayers.com/inspinia_admin-v2.5/img/flags/32/United-Kingdom.png]
[webapplayers.com/inspinia_admin-v2.5/img/flags/32/United-Nations.png]
[webapplayers.com/inspinia_admin-v2.5/img/flags/32/United-States.png]
[webapplayers.com/inspinia_admin-v2.5/img/flags/32/Unknown.png]
[webapplayers.com/inspinia_admin-v2.5/img/flags/32/Uruguay.png]
[webapplayers.com/inspinia_admin-v2.5/img/flags/32/Uzbekistan.png]
[webapplayers.com/inspinia_admin-v2.5/img/flags/32/Vanuatu.png]
[webapplayers.com/inspinia_admin-v2.5/img/flags/32/Vatican-City.png]
[webapplayers.com/inspinia_admin-v2.5/img/flags/32/Venezuela.png]
[webapplayers.com/inspinia_admin-v2.5/img/flags/32/Vietnam.png]
[webapplayers.com/inspinia_admin-v2.5/img/flags/32/Wales.png]
[webapplayers.com/inspinia_admin-v2.5/img/flags/32/Wallis-And-Futuna.png]
[webapplayers.com/inspinia_admin-v2.5/img/flags/32/Western-Sahara.png]
[webapplayers.com/inspinia_admin-v2.5/img/flags/32/Yemen.png]
[webapplayers.com/inspinia_admin-v2.5/img/flags/32/Zambia.png]
[webapplayers.com/inspinia_admin-v2.5/img/flags/32/Zimbabwe.png]
[webapplayers.com/inspinia_admin-v2.5/i18support.html]
[webapplayers.com/inspinia_admin-v2.5/js/plugins/i18next/i18next.min.js]
[webapplayers.com/inspinia_admin-v2.5/css/plugins/sweetalert/sweetalert.css]
[webapplayers.com/inspinia_admin-v2.5/sweetalert.html]
[webapplayers.com/inspinia_admin-v2.5/js/plugins/sweetalert/sweetalert.min.js]
[webapplayers.com/inspinia_admin-v2.5/idle_timer.html]
[webapplayers.com/inspinia_admin-v2.5/js/plugins/idle-timer/idle-timer.min.js]
[webapplayers.com/inspinia_admin-v2.5/css/plugins/ladda/ladda-themeless.min.css]
[webapplayers.com/inspinia_admin-v2.5/truncate.html]
[webapplayers.com/inspinia_admin-v2.5/js/plugins/dotdotdot/jquery.dotdotdot.min.js]
[webapplayers.com/inspinia_admin-v2.5/spinners.html]
[webapplayers.com/inspinia_admin-v2.5/tinycon.html]
[webapplayers.com/inspinia_admin-v2.5/js/plugins/tinycon/tinycon.min.js]
[webapplayers.com/inspinia_admin-v2.5/google_maps.html]
[webapplayers.com/inspinia_admin-v2.5/code_editor.html]
[webapplayers.com/inspinia_admin-v2.5/modal_window.html]
[webapplayers.com/inspinia_admin-v2.5/clipboard.html]
[webapplayers.com/inspinia_admin-v2.5/js/plugins/codemirror/mode/javascript/javascript.js]
[webapplayers.com/inspinia_admin-v2.5/js/plugins/clipboard/clipboard.min.js]
[webapplayers.com/inspinia_admin-v2.5/forum_main.html]
[webapplayers.com/inspinia_admin-v2.5/validation.html]
[webapplayers.com/inspinia_admin-v2.5/forum_post.html]
[webapplayers.com/inspinia_admin-v2.5/css/plugins/jsTree/style.min.css]
[webapplayers.com/inspinia_admin-v2.5/js/plugins/codemirror/codemirror.js]
[webapplayers.com/inspinia_admin-v2.5/tree_view.html]
[webapplayers.com/inspinia_admin-v2.5/js/plugins/ladda/spin.min.js]
[webapplayers.com/inspinia_admin-v2.5/js/plugins/jsTree/jstree.min.js]
[webapplayers.com/inspinia_admin-v2.5/js/plugins/ladda/ladda.min.js]
[webapplayers.com/inspinia_admin-v2.5/loading_buttons.html]
[webapplayers.com/inspinia_admin-v2.5/chat_view.html]
[webapplayers.com/inspinia_admin-v2.5/js/plugins/ladda/ladda.jquery.min.js]
[webapplayers.com/inspinia_admin-v2.5/masonry.html]
[webapplayers.com/inspinia_admin-v2.5/js/plugins/masonary/masonry.pkgd.min.js]
[webapplayers.com/inspinia_admin-v2.5/css/plugins/bootstrapTour/bootstrap-tour.min.css]
[webapplayers.com/inspinia_admin-v2.5/tour.html]
[webapplayers.com/inspinia_admin-v2.5/typography.html]
[webapplayers.com/inspinia_admin-v2.5/icons.html]
[webapplayers.com/inspinia_admin-v2.5/draggable_panels.html]
[webapplayers.com/inspinia_admin-v2.5/js/plugins/bootstrapTour/bootstrap-tour.min.js]
[webapplayers.com/inspinia_admin-v2.5/resizeable_panels.html]
[webapplayers.com/inspinia_admin-v2.5/buttons.html]
[webapplayers.com/inspinia_admin-v2.5/css/plugins/jQueryUI/jquery-ui.css]
[webapplayers.com/inspinia_admin-v2.5/js/plugins/video/responsible-video.js]
[webapplayers.com/inspinia_admin-v2.5/video.html]
[webapplayers.com/inspinia_admin-v2.5/tabs_panels.html]
[webapplayers.com/inspinia_admin-v2.5/tabs.html]
[webapplayers.com/inspinia_admin-v2.5/notifications.html]
[webapplayers.com/inspinia_admin-v2.5/badges_labels.html]
[webapplayers.com/inspinia_admin-v2.5/grid_options.html]
[webapplayers.com/inspinia_admin-v2.5/table_basic.html]
[webapplayers.com/inspinia_admin-v2.5/css/plugins/dataTables/datatables.min.css]
[webapplayers.com/inspinia_admin-v2.5/js/plugins/jeditable/jquery.jeditable.js]
[webapplayers.com/inspinia_admin-v2.5/table_data_tables.html]
[webapplayers.com/inspinia_admin-v2.5/css/plugins/footable/footable.core.css]
[webapplayers.com/inspinia_admin-v2.5/table_foo_table.html]
[webapplayers.com/inspinia_admin-v2.5/css/plugins/jQueryUI/jquery-ui-1.10.4.custom.min.css]
[webapplayers.com/inspinia_admin-v2.5/js/plugins/footable/footable.all.min.js]
[webapplayers.com/inspinia_admin-v2.5/css/plugins/jqGrid/ui.jqgrid.css]
[webapplayers.com/inspinia_admin-v2.5/js/plugins/jqGrid/i18n/grid.locale-en.js]
[webapplayers.com/inspinia_admin-v2.5/jq_grid.html]
[webapplayers.com/inspinia_admin-v2.5/ecommerce_products_grid.html]
[webapplayers.com/inspinia_admin-v2.5/ecommerce_product_list.html]
[webapplayers.com/inspinia_admin-v2.5/img/gallery/2s.jpg]
[mydomain.com/images/image1.229.delayed]
[webapplayers.com/inspinia_admin-v2.5/img/gallery/1s.jpg]
[mydomain.com/images/image2.22b.delayed]
[webapplayers.com/inspinia_admin-v2.5/img/gallery/3s.jpg]
[mydomain.com/images/image3.png]
[webapplayers.com/inspinia_admin-v2.5/img/gallery/4s.jpg]
[mydomain.com/images/image4.22f.delayed]
[webapplayers.com/inspinia_admin-v2.5/js/plugins/jqGrid/jquery.jqGrid.min.js]
[webapplayers.com/inspinia_admin-v2.5/img/gallery/5s.jpg]
[mydomain.com/images/image5.png]
[webapplayers.com/inspinia_admin-v2.5/img/gallery/6s.jpg]
[mydomain.com/images/image6.png]
[webapplayers.com/inspinia_admin-v2.5/img/gallery/7s.jpg]
[mydomain.com/images/image7.235.delayed]
[webapplayers.com/inspinia_admin-v2.5/ecommerce_product.html]
[webapplayers.com/inspinia_admin-v2.5/css/plugins/slick/slick.css]
[webapplayers.com/inspinia_admin-v2.5/css/plugins/slick/slick-theme.css]
[webapplayers.com/inspinia_admin-v2.5/ecommerce_product_detail.html]
[webapplayers.com/inspinia_admin-v2.5/ecommerce-cart.html]
[webapplayers.com/inspinia_admin-v2.5/ecommerce-orders.html]
[webapplayers.com/inspinia_admin-v2.5/ecommerce_payments.html]
[webapplayers.com/inspinia_admin-v2.5/css/plugins/blueimp/css/blueimp-gallery.min.css]
[webapplayers.com/inspinia_admin-v2.5/js/plugins/slick/slick.min.js]
[webapplayers.com/inspinia_admin-v2.5/img/gallery/1.jpg]
[webapplayers.com/inspinia_admin-v2.5/img/gallery/2.jpg]
[webapplayers.com/inspinia_admin-v2.5/img/gallery/4.jpg]
[webapplayers.com/inspinia_admin-v2.5/js/plugins/dataTables/datatables.min.js]
[webapplayers.com/inspinia_admin-v2.5/img/gallery/5.jpg]
[webapplayers.com/inspinia_admin-v2.5/img/gallery/6.jpg]
[webapplayers.com/inspinia_admin-v2.5/img/gallery/7.jpg]
[webapplayers.com/inspinia_admin-v2.5/img/gallery/8.jpg]
[webapplayers.com/inspinia_admin-v2.5/img/gallery/8s.jpg]
[webapplayers.com/inspinia_admin-v2.5/img/gallery/9s.jpg]
[webapplayers.com/inspinia_admin-v2.5/img/gallery/10.jpg]
[webapplayers.com/inspinia_admin-v2.5/img/gallery/10s.jpg]
[webapplayers.com/inspinia_admin-v2.5/img/gallery/12.jpg]
[webapplayers.com/inspinia_admin-v2.5/img/gallery/12s.jpg]
[webapplayers.com/inspinia_admin-v2.5/img/gallery/11s.jpg]
[webapplayers.com/inspinia_admin-v2.5/js/plugins/blueimp/jquery.blueimp-gallery.min.js]
[webapplayers.com/inspinia_admin-v2.5/basic_gallery.html]
[webapplayers.com/inspinia_admin-v2.5/slick_carousel.html]
[webapplayers.com/inspinia_admin-v2.5/img/p_big3.jpg]
[webapplayers.com/inspinia_admin-v2.5/img/p_big1.jpg]
[webapplayers.com/inspinia_admin-v2.5/img/p_big2.jpg]
[webapplayers.com/inspinia_admin-v2.5/carousel.html]
[webapplayers.com/inspinia_admin-v2.5/css_animation.html]
[webapplayers.com/inspinia_admin-v2.5/font-awesome/css/font-awesome.min.css]
[webapplayers.com/inspinia_admin-v2.5/img/landing/laptop.png]
[webapplayers.com/inspinia_admin-v2.5/img/landing/perspective.png]
[webapplayers.com/inspinia_admin-v2.5/img/landing/dashboard.png]
[webapplayers.com/inspinia_admin-v2.5/img/landing/avatar3.jpg]
[webapplayers.com/inspinia_admin-v2.5/img/landing/avatar1.jpg]
[webapplayers.com/inspinia_admin-v2.5/img/landing/avatar2.jpg]
[webapplayers.com/inspinia_admin-v2.5/img/landing/iphone.jpg]
[webapplayers.com/inspinia_admin-v2.5/js/plugins/wow/wow.min.js]
[webapplayers.com/inspinia_admin-v2.5/landing.html]
[webapplayers.com/inspinia_admin-v2.5/img/angular_logo.png]
[webapplayers.com/inspinia_admin-v2.5/img/mvc_logo.png]
[webapplayers.com/inspinia_admin-v2.5/Angular/index.html]
[webapplayers.com/inspinia_admin-v2.5/img/meteor_logo.png]
[webapplayers.com/inspinia_admin-v2.5/img/html_logo.png]
[webapplayers.com/inspinia_admin-v2.5/img/rails_logo.png]
[webapplayers.com/inspinia_admin-v2.5/package.html]
[webapplayers.com/inspinia_admin-v2.5/fonts/glyphicons-halflings-regular.svg]
[webapplayers.com/inspinia_admin-v2.5/font-awesome/fonts/fontawesome-webfonte0a5.svg]
[37.media.tumblr.com/9afe602b3e624aff6681b0b51f5a062b/tumblr_n4ef69szs71st5lhmo1_1280.jpg]
[webapplayers.com/inspinia_admin-v2.5/css/plugins/iCheck/green.png]
[webapplayers.com/inspinia_admin-v2.5/css/plugins/iCheck/green@2x.png]
[webapplayers.com/inspinia_admin-v2.5/css/plugins/iCheck/custom.css]
[webapplayers.com/inspinia_admin-v2.5/css/plugins/toastr/toastr.min.css]
[webapplayers.com/inspinia_admin-v2.5/js/plugins/gritter/images/ie-spacer.gif]
[webapplayers.com/inspinia_admin-v2.5/js/plugins/gritter/images/gritter.png]
[webapplayers.com/inspinia_admin-v2.5/js/plugins/gritter/images/gritter-light.png]
[webapplayers.com/inspinia_admin-v2.5/js/plugins/gritter/jquery.gritter.css]
[webapplayers.com/inspinia_admin-v2.5/dashboard_4.html]
[webapplayers.com/inspinia_admin-v2.5/off_canvas_menu.html]
[webapplayers.com/inspinia_admin-v2.5/css/plugins/chartist/chartist.min.css]
[webapplayers.com/inspinia_admin-v2.5/css/plugins/c3/c3.min.css]
[webapplayers.com/inspinia_admin-v2.5/css/plugins/summernote/summernote.css]
[webapplayers.com/inspinia_admin-v2.5/css/plugins/summernote/summernote-bs3.css]
[webapplayers.com/inspinia_admin-v2.5/email_templates/styles.css]
[webapplayers.com/inspinia_admin-v2.5/email_templates/img/header.jpg]
[webapplayers.com/inspinia_admin-v2.5/email_templates/action.html]
[webapplayers.com/inspinia_admin-v2.5/email_templates/alert.html]
[webapplayers.com/inspinia_admin-v2.5/email_templates/billing.html]
[webapplayers.com/inspinia_admin-v2.5/css/plugins/awesome-bootstrap-checkbox/awesome-bootstrap-checkbox.css]
[webapplayers.com/inspinia_admin-v2.5/css/plugins/chosen/chosen-sprite.png]
[webapplayers.com/inspinia_admin-v2.5/css/plugins/chosen/chosen-sprite@2x.png]
[webapplayers.com/inspinia_admin-v2.5/css/plugins/chosen/chosen.css]
[webapplayers.com/inspinia_admin-v2.5/css/plugins/images/bootstrap-colorpicker/saturation.png]
[webapplayers.com/inspinia_admin-v2.5/css/plugins/images/bootstrap-colorpicker/hue.png]
[webapplayers.com/inspinia_admin-v2.5/css/plugins/images/bootstrap-colorpicker/alpha.png]
[webapplayers.com/inspinia_admin-v2.5/css/plugins/images/bootstrap-colorpicker/hue-horizontal.png]
[webapplayers.com/inspinia_admin-v2.5/css/plugins/images/bootstrap-colorpicker/alpha-horizontal.png]
[webapplayers.com/inspinia_admin-v2.5/css/plugins/colorpicker/bootstrap-colorpicker.min.css]
[webapplayers.com/inspinia_admin-v2.5/css/plugins/cropper/cropper.min.css]
[webapplayers.com/inspinia_admin-v2.5/css/plugins/switchery/switchery.css]
[webapplayers.com/inspinia_admin-v2.5/css/plugins/jasny/jasny-bootstrap.min.css]
[webapplayers.com/inspinia_admin-v2.5/css/plugins/nouslider/jquery.nouislider.css]
[webapplayers.com/inspinia_admin-v2.5/css/plugins/datapicker/datepicker3.css]
[webapplayers.com/inspinia_admin-v2.5/css/plugins/ionRangeSlider/ion.rangeSlider.css]
[webapplayers.com/inspinia_admin-v2.5/css/plugins/images/sprite-skin-flat.png]
[webapplayers.com/inspinia_admin-v2.5/css/plugins/ionRangeSlider/ion.rangeSlider.skinFlat.css]
[webapplayers.com/inspinia_admin-v2.5/css/plugins/clockpicker/clockpicker.css]
[webapplayers.com/inspinia_admin-v2.5/css/plugins/daterangepicker/daterangepicker-bs3.css]
[webapplayers.com/inspinia_admin-v2.5/css/plugins/select2/select2.min.css]
[webapplayers.com/inspinia_admin-v2.5/css/plugins/touchspin/jquery.bootstrap-touchspin.min.css]
[webapplayers.com/inspinia_admin-v2.5/css/plugins/steps/jquery.steps.css]
[webapplayers.com/inspinia_admin-v2.5/css/plugins/dropzone/basic.css]
[webapplayers.com/inspinia_admin-v2.5/css/plugins/images/spritemap.png]
[webapplayers.com/inspinia_admin-v2.5/css/plugins/images/spritemap@2x.png]
[webapplayers.com/inspinia_admin-v2.5/css/plugins/dropzone/dropzone.css]
[webapplayers.com/inspinia_admin-v2.5/css/plugins/bootstrap-markdown/bootstrap-markdown.min.css]
[webapplayers.com/inspinia_admin-v2.5/css/plugins/codemirror/codemirror.css]
[webapplayers.com/inspinia_admin-v2.5/css/plugins/codemirror/ambiance.css]
[webapplayers.com/inspinia_admin-v2.5/css/plugins/fullcalendar/fullcalendar.css]
[webapplayers.com/inspinia_admin-v2.5/css/plugins/fullcalendar/fullcalendar.print.css]
[webapplayers.com/inspinia_admin-v2.5/invoice_print.html]
[webapplayers.com/inspinia_admin-v2.5/css/plugins/sweetalert/sweetalert.css]
[webapplayers.com/inspinia_admin-v2.5/css/plugins/ladda/ladda-themeless.min.css]
[webapplayers.com/inspinia_admin-v2.5/forum_post.html]
[webapplayers.com/inspinia_admin-v2.5/css/plugins/jsTree/style.min.css]
[webapplayers.com/inspinia_admin-v2.5/css/plugins/bootstrapTour/bootstrap-tour.min.css]
[webapplayers.com/inspinia_admin-v2.5/css/plugins/jQueryUI/images/animated-overlay.gif]
[webapplayers.com/inspinia_admin-v2.5/css/plugins/jQueryUI/images/ui-bg_flat_75_ffffff_40x100.png]
[webapplayers.com/inspinia_admin-v2.5/css/plugins/jQueryUI/images/ui-bg_highlight-soft_75_cccccc_1x100.png]
[webapplayers.com/inspinia_admin-v2.5/css/plugins/jQueryUI/images/ui-bg_glass_75_e6e6e6_1x400.png]
[webapplayers.com/inspinia_admin-v2.5/css/plugins/jQueryUI/images/ui-bg_glass_75_dadada_1x400.png]
[webapplayers.com/inspinia_admin-v2.5/css/plugins/jQueryUI/images/ui-bg_glass_65_ffffff_1x400.png]
[webapplayers.com/inspinia_admin-v2.5/css/plugins/jQueryUI/images/ui-bg_glass_55_fbf9ee_1x400.png]
[webapplayers.com/inspinia_admin-v2.5/css/plugins/jQueryUI/images/ui-bg_glass_95_fef1ec_1x400.png]
[webapplayers.com/inspinia_admin-v2.5/css/plugins/jQueryUI/images/ui-icons_222222_256x240.png]
[webapplayers.com/inspinia_admin-v2.5/css/plugins/jQueryUI/images/ui-icons_888888_256x240.png]
[webapplayers.com/inspinia_admin-v2.5/css/plugins/jQueryUI/images/ui-icons_454545_256x240.png]
[webapplayers.com/inspinia_admin-v2.5/css/plugins/jQueryUI/images/ui-icons_2e83ff_256x240.png]
[webapplayers.com/inspinia_admin-v2.5/css/plugins/jQueryUI/images/ui-icons_cd0a0a_256x240.png]
[webapplayers.com/inspinia_admin-v2.5/css/plugins/jQueryUI/images/ui-bg_flat_0_aaaaaa_40x100.png]
[webapplayers.com/inspinia_admin-v2.5/css/plugins/jQueryUI/jquery-ui.css]
[webapplayers.com/inspinia_admin-v2.5/css/plugins/dataTables/datatables.min.css]
[webapplayers.com/inspinia_admin-v2.5/css/plugins/footable/fonts/footable.eot]
[webapplayers.com/inspinia_admin-v2.5/css/plugins/footable/fonts/footabled41d.eot]
[webapplayers.com/inspinia_admin-v2.5/css/plugins/footable/fonts/footable.woff]
[webapplayers.com/inspinia_admin-v2.5/css/plugins/footable/fonts/footable.ttf]
[webapplayers.com/inspinia_admin-v2.5/css/plugins/footable/footable.core.css]
[webapplayers.com/inspinia_admin-v2.5/css/plugins/jQueryUI/jquery-ui-1.10.4.custom.min.css]
[webapplayers.com/inspinia_admin-v2.5/css/plugins/jqGrid/ui.jqgrid.css]
[mydomain.com/images/image1.html]
[mydomain.com/images/image2.html]
[mydomain.com/images/image3.html]
[mydomain.com/images/image4.html]
[mydomain.com/images/image5.html]
[mydomain.com/images/image6.html]
[mydomain.com/images/image7.html]
[webapplayers.com/inspinia_admin-v2.5/css/plugins/slick/slick.css]
[webapplayers.com/inspinia_admin-v2.5/css/plugins/footable/fonts/footable.svg]
[webapplayers.com/inspinia_admin-v2.5/css/plugins/slick/ajax-loader.gif]
[webapplayers.com/inspinia_admin-v2.5/css/plugins/slick/fonts/slick.eot]
[webapplayers.com/inspinia_admin-v2.5/css/plugins/slick/fonts/slickd41d.eot]
[webapplayers.com/inspinia_admin-v2.5/css/plugins/slick/fonts/slick.woff]
[webapplayers.com/inspinia_admin-v2.5/css/plugins/slick/fonts/slick.ttf]
[webapplayers.com/inspinia_admin-v2.5/css/plugins/slick/slick-theme.css]
[webapplayers.com/inspinia_admin-v2.5/css/plugins/slick/fonts/slick.svg]
[webapplayers.com/inspinia_admin-v2.5/css/plugins/blueimp/img/loading.gif]
[webapplayers.com/inspinia_admin-v2.5/css/plugins/blueimp/img/error.png]
[webapplayers.com/inspinia_admin-v2.5/css/plugins/blueimp/img/play-pause.png]
[webapplayers.com/inspinia_admin-v2.5/css/plugins/blueimp/img/error.svg]
[webapplayers.com/inspinia_admin-v2.5/css/plugins/blueimp/img/play-pause.svg]
[webapplayers.com/inspinia_admin-v2.5/css/plugins/blueimp/img/video-play.png]
[webapplayers.com/inspinia_admin-v2.5/css/plugins/blueimp/css/blueimp-gallery.min.css]
[webapplayers.com/inspinia_admin-v2.5/font-awesome/css/font-awesome.min.css]
[webapplayers.com/inspinia_admin-v2.5/css/plugins/blueimp/img/video-play.svg]
[webapplayers.com/inspinia_admin-v2.5/Angular/css/bootstrap.min.css]
[webapplayers.com/inspinia_admin-v2.5/Angular/font-awesome/css/font-awesome.css]
[webapplayers.com/inspinia_admin-v2.5/Angular/css/animate.css]
[webapplayers.com/inspinia_admin-v2.5/Angular/css/style.css]
[webapplayers.com/inspinia_admin-v2.5/Angular/js/plugins/metisMenu/jquery.metisMenu.js]
[webapplayers.com/inspinia_admin-v2.5/Angular/js/bootstrap/bootstrap.min.js]
[webapplayers.com/inspinia_admin-v2.5/Angular/js/plugins/slimscroll/jquery.slimscroll.min.js]
[webapplayers.com/inspinia_admin-v2.5/Angular/js/jquery/jquery-2.1.1.min.js]
[webapplayers.com/inspinia_admin-v2.5/Angular/js/plugins/pace/pace.min.js]
[webapplayers.com/inspinia_admin-v2.5/Angular/js/inspinia.js]
[webapplayers.com/inspinia_admin-v2.5/Angular/js/angular/angular-sanitize.js]
[webapplayers.com/inspinia_admin-v2.5/Angular/js/plugins/oclazyload/dist/ocLazyLoad.min.js]
[webapplayers.com/inspinia_admin-v2.5/Angular/js/angular-translate/angular-translate.min.js]
[webapplayers.com/inspinia_admin-v2.5/Angular/js/ui-router/angular-ui-router.min.js]
[webapplayers.com/inspinia_admin-v2.5/Angular/js/angular/angular.min.js]
[webapplayers.com/inspinia_admin-v2.5/Angular/js/plugins/jquery-ui/jquery-ui.js]
[webapplayers.com/inspinia_admin-v2.5/Angular/js/plugins/angular-idle/angular-idle.js]
[webapplayers.com/inspinia_admin-v2.5/Angular/js/bootstrap/ui-bootstrap-tpls-1.1.2.min.js]
[webapplayers.com/inspinia_admin-v2.5/Angular/js/app.js]
[webapplayers.com/inspinia_admin-v2.5/Angular/js/config.js]
[webapplayers.com/inspinia_admin-v2.5/Angular/js/translations.js]
[webapplayers.com/inspinia_admin-v2.5/Angular/js/directives.js]
[webapplayers.com/inspinia_admin-v2.5/Angular/index.html]
[webapplayers.com/inspinia_admin-v2.5/css/plugins/fonts/glyphicons-halflings-regular.html]
[webapplayers.com/inspinia_admin-v2.5/css/plugins/fonts/glyphicons-halflings-regulard41d.html]
[webapplayers.com/inspinia_admin-v2.5/css/plugins/fonts/glyphicons-halflings-regular-2.html]
[webapplayers.com/inspinia_admin-v2.5/css/plugins/fonts/glyphicons-halflings-regular-3.html]
[webapplayers.com/inspinia_admin-v2.5/css/plugins/fonts/glyphicons-halflings-regular-4.html]
[webapplayers.com/inspinia_admin-v2.5/email_templates/styles.css]
[webapplayers.com/inspinia_admin-v2.5/css/plugins/footable/fonts/footable.svg]
[webapplayers.com/inspinia_admin-v2.5/css/plugins/slick/fonts/slick.svg]
[webapplayers.com/inspinia_admin-v2.5/css/plugins/blueimp/img/error.svg]
[webapplayers.com/inspinia_admin-v2.5/css/plugins/blueimp/img/play-pause.svg]
[webapplayers.com/inspinia_admin-v2.5/css/plugins/blueimp/img/video-play.svg]
[webapplayers.com/inspinia_admin-v2.5/Angular/fonts/glyphicons-halflings-regular.eot]
[webapplayers.com/inspinia_admin-v2.5/Angular/fonts/glyphicons-halflings-regular.woff2]
[webapplayers.com/inspinia_admin-v2.5/Angular/fonts/glyphicons-halflings-regulard41d.eot]
[webapplayers.com/inspinia_admin-v2.5/Angular/fonts/glyphicons-halflings-regular.woff]
[webapplayers.com/inspinia_admin-v2.5/Angular/fonts/glyphicons-halflings-regular.ttf]
[webapplayers.com/inspinia_admin-v2.5/Angular/css/bootstrap.min.css]
[webapplayers.com/inspinia_admin-v2.5/Angular/font-awesome/fonts/fontawesome-webfonte0a5.eot]
[webapplayers.com/inspinia_admin-v2.5/Angular/fonts/glyphicons-halflings-regular.svg]
[webapplayers.com/inspinia_admin-v2.5/Angular/font-awesome/fonts/fontawesome-webfontd41d.eot]
[webapplayers.com/inspinia_admin-v2.5/Angular/font-awesome/fonts/fontawesome-webfonte0a5.woff2]
[webapplayers.com/inspinia_admin-v2.5/Angular/font-awesome/fonts/fontawesome-webfonte0a5.woff]
[webapplayers.com/inspinia_admin-v2.5/Angular/font-awesome/fonts/fontawesome-webfonte0a5.ttf]
[webapplayers.com/inspinia_admin-v2.5/Angular/font-awesome/css/font-awesome.css]
[webapplayers.com/inspinia_admin-v2.5/Angular/css/animate.css]
[webapplayers.com/inspinia_admin-v2.5/Angular/css/patterns/header-profile.png]
[webapplayers.com/inspinia_admin-v2.5/Angular/js/controllers.js]
[webapplayers.com/inspinia_admin-v2.5/Angular/css/patterns/shattered.png]
[webapplayers.com/inspinia_admin-v2.5/Angular/img/landing/header_one.jpg]
[webapplayers.com/inspinia_admin-v2.5/Angular/font-awesome/fonts/fontawesome-webfonte0a5.svg]
[webapplayers.com/inspinia_admin-v2.5/Angular/img/landing/header_two.jpg]
[webapplayers.com/inspinia_admin-v2.5/Angular/img/landing/avatar_all.png]
[webapplayers.com/inspinia_admin-v2.5/Angular/img/landing/word_map.png]
[webapplayers.com/inspinia_admin-v2.5/Angular/css/patterns/header-profile-skin-1.png]
[webapplayers.com/inspinia_admin-v2.5/Angular/css/patterns/header-profile-skin-3.png]
[webapplayers.com/inspinia_admin-v2.5/Angular/css/patterns/3.png]
[webapplayers.com/inspinia_admin-v2.5/Angular/css/patterns/4.png]
[webapplayers.com/inspinia_admin-v2.5/Angular/css/patterns/header-profile-skin-2.png]
[webapplayers.com/inspinia_admin-v2.5/Angular/css/style.css]
[webapplayers.com/inspinia_admin-v2.5/Angular/fonts/glyphicons-halflings-regular.svg]
[webapplayers.com/inspinia_admin-v2.5/Angular/font-awesome/fonts/fontawesome-webfonte0a5.svg]
